0 verbose cli /usr/local/bin/node /usr/local/bin/npm
1 info using npm@11.6.2
2 info using node@v24.13.0
3 silly config load:file:/usr/local/lib/node_modules/npm/npmrc
4 silly config load:file:/Users/byaswanth/filetools-1/.npmrc
5 silly config load:file:/Users/byaswanth/.npmrc
6 verbose config error loading user config Error: EPERM: operation not permitted, open '/Users/byaswanth/.npmrc'
6 verbose config     at async open (node:internal/fs/promises:637:25)
6 verbose config     at async readFile (node:internal/fs/promises:1269:14)
6 verbose config     at async #loadFile (/usr/local/lib/node_modules/npm/node_modules/@npmcli/config/lib/index.js:635:5)
6 verbose config     at async Config.load (/usr/local/lib/node_modules/npm/node_modules/@npmcli/config/lib/index.js:259:5)
6 verbose config     at async #load (/usr/local/lib/node_modules/npm/lib/npm.js:99:5)
6 verbose config     at async Npm.load (/usr/local/lib/node_modules/npm/lib/npm.js:81:14)
6 verbose config     at async module.exports (/usr/local/lib/node_modules/npm/lib/cli/entry.js:35:37) {
6 verbose config   errno: -1,
6 verbose config   code: 'EPERM',
6 verbose config   syscall: 'open',
6 verbose config   path: '/Users/byaswanth/.npmrc'
6 verbose config }
7 silly config load:file:/usr/local/etc/npmrc
8 verbose title npm install pdf-lib
9 verbose argv "install" "pdf-lib" "--legacy-peer-deps" "--no-fund" "--no-audit"
10 verbose logfile logs-max:10 dir:/Users/byaswanth/filetools-1/.npm-cache/_logs/2026-08-01T08_52_44_873Z-
11 verbose logfile /Users/byaswanth/filetools-1/.npm-cache/_logs/2026-08-01T08_52_44_873Z-debug-0.log
12 silly logfile done cleaning log files
13 silly packumentCache heap:4496293888 maxSize:1124073472 maxEntrySize:562036736
14 verbose shrinkwrap failed to load node_modules/.package-lock.json out of date, updated: node_modules
15 silly idealTree buildDeps
16 silly fetch manifest pdf-lib@*
17 silly packumentCache full:https://registry.npmjs.org/pdf-lib cache-miss
18 http fetch GET 200 https://registry.npmjs.org/pdf-lib 371ms (cache miss)
19 silly packumentCache full:https://registry.npmjs.org/pdf-lib set size:undefined disposed:false
20 silly placeDep ROOT pdf-lib@1.17.1 OK for: pdf-tools-site@1.0.0 want: *
21 silly fetch manifest @pdf-lib/standard-fonts@^1.0.0
22 silly packumentCache full:https://registry.npmjs.org/@pdf-lib%2fstandard-fonts cache-miss
23 silly fetch manifest @pdf-lib/upng@^1.0.1
24 silly packumentCache full:https://registry.npmjs.org/@pdf-lib%2fupng cache-miss
25 silly fetch manifest pako@^1.0.11
26 silly packumentCache full:https://registry.npmjs.org/pako cache-miss
27 silly fetch manifest tslib@^1.11.1
28 silly packumentCache full:https://registry.npmjs.org/tslib cache-miss
29 http fetch GET 200 https://registry.npmjs.org/npm 437ms
30 http fetch GET 200 https://registry.npmjs.org/tslib 136ms (cache miss)
31 silly packumentCache full:https://registry.npmjs.org/tslib set size:undefined disposed:false
32 http fetch GET 200 https://registry.npmjs.org/pako 140ms (cache miss)
33 silly packumentCache full:https://registry.npmjs.org/pako set size:undefined disposed:false
34 http fetch GET 200 https://registry.npmjs.org/@pdf-lib%2fupng 509ms (cache miss)
35 silly packumentCache full:https://registry.npmjs.org/@pdf-lib%2fupng set size:undefined disposed:false
36 http fetch GET 200 https://registry.npmjs.org/@pdf-lib%2fstandard-fonts 629ms (cache miss)
37 silly packumentCache full:https://registry.npmjs.org/@pdf-lib%2fstandard-fonts set size:undefined disposed:false
38 silly fetch manifest @emnapi/core@2.0.0-alpha.3
39 silly packumentCache full:https://registry.npmjs.org/@emnapi%2fcore cache-miss
40 http fetch GET 200 https://registry.npmjs.org/@emnapi%2fcore 77ms (cache miss)
41 silly packumentCache full:https://registry.npmjs.org/@emnapi%2fcore set size:undefined disposed:false
42 silly fetch manifest @emnapi/runtime@2.0.0-alpha.3
43 silly packumentCache full:https://registry.npmjs.org/@emnapi%2fruntime cache-miss
44 http fetch GET 200 https://registry.npmjs.org/@emnapi%2fruntime 47ms (cache miss)
45 silly packumentCache full:https://registry.npmjs.org/@emnapi%2fruntime set size:undefined disposed:false
46 silly placeDep ROOT @emnapi/core@2.0.0-alpha.3 OK for: @rolldown/binding-wasm32-wasi@1.2.1 want: 2.0.0-alpha.3
47 silly placeDep ROOT @emnapi/runtime@2.0.0-alpha.3 OK for: @rolldown/binding-wasm32-wasi@1.2.1 want: 2.0.0-alpha.3
48 silly placeDep ROOT @pdf-lib/standard-fonts@1.0.0 OK for: pdf-lib@1.17.1 want: ^1.0.0
49 silly placeDep ROOT @pdf-lib/upng@1.0.1 OK for: pdf-lib@1.17.1 want: ^1.0.1
50 silly placeDep ROOT pako@1.0.11 OK for: pdf-lib@1.17.1 want: ^1.0.11
51 silly placeDep node_modules/pdf-lib tslib@1.14.1 OK for: pdf-lib@1.17.1 want: ^1.11.1
52 silly fetch manifest pako@^1.0.6
53 silly packumentCache full:https://registry.npmjs.org/pako cache-miss
54 silly fetch manifest pako@^1.0.10
55 silly packumentCache full:https://registry.npmjs.org/pako cache-miss
56 http cache https://registry.npmjs.org/pako 4ms (cache hit)
57 silly packumentCache full:https://registry.npmjs.org/pako set size:82149 disposed:false
58 http cache https://registry.npmjs.org/pako 4ms (cache hit)
59 silly packumentCache full:https://registry.npmjs.org/pako set size:82149 disposed:false
60 silly packumentCache full:https://registry.npmjs.org/pako dispose
61 silly reify mark retired [
61 silly reify   '/Users/byaswanth/filetools-1/node_modules/esbuild',
61 silly reify   '/Users/byaswanth/filetools-1/node_modules/.bin/esbuild'
61 silly reify ]
62 silly reify mark retired [
62 silly reify   '/Users/byaswanth/filetools-1/node_modules/rollup',
62 silly reify   '/Users/byaswanth/filetools-1/node_modules/.bin/rollup'
62 silly reify ]
63 silly reify mark retired [
63 silly reify   '/Users/byaswanth/filetools-1/node_modules/vite',
63 silly reify   '/Users/byaswanth/filetools-1/node_modules/.bin/vite'
63 silly reify ]
64 silly reify mark retired [ '/Users/byaswanth/filetools-1/node_modules/@esbuild/darwin-arm64' ]
65 silly reify mark retired [
65 silly reify   '/Users/byaswanth/filetools-1/node_modules/@rollup/rollup-darwin-arm64'
65 silly reify ]
66 silly reify mark retired [ '/Users/byaswanth/filetools-1/node_modules/@types/estree' ]
67 silly reify moves {
67 silly reify   '/Users/byaswanth/filetools-1/node_modules/esbuild': '/Users/byaswanth/filetools-1/node_modules/.esbuild-oh6HTyW8',
67 silly reify   '/Users/byaswanth/filetools-1/node_modules/.bin/esbuild': '/Users/byaswanth/filetools-1/node_modules/.bin/.esbuild-eerjHaKs',
67 silly reify   '/Users/byaswanth/filetools-1/node_modules/rollup': '/Users/byaswanth/filetools-1/node_modules/.rollup-dyHX4ReP',
67 silly reify   '/Users/byaswanth/filetools-1/node_modules/.bin/rollup': '/Users/byaswanth/filetools-1/node_modules/.bin/.rollup-r5KXVSeX',
67 silly reify   '/Users/byaswanth/filetools-1/node_modules/vite': '/Users/byaswanth/filetools-1/node_modules/.vite-iZNZVwrz',
67 silly reify   '/Users/byaswanth/filetools-1/node_modules/.bin/vite': '/Users/byaswanth/filetools-1/node_modules/.bin/.vite-FvfMGoSW',
67 silly reify   '/Users/byaswanth/filetools-1/node_modules/@esbuild/darwin-arm64': '/Users/byaswanth/filetools-1/node_modules/@esbuild/.darwin-arm64-pmMXWfV9',
67 silly reify   '/Users/byaswanth/filetools-1/node_modules/@rollup/rollup-darwin-arm64': '/Users/byaswanth/filetools-1/node_modules/@rollup/.rollup-darwin-arm64-fqqaIVVV',
67 silly reify   '/Users/byaswanth/filetools-1/node_modules/@types/estree': '/Users/byaswanth/filetools-1/node_modules/@types/.estree-MPFwmqcx'
67 silly reify }
68 http cache pako@https://registry.npmjs.org/pako/-/pako-1.0.11.tgz 0ms (cache hit)
69 http cache @pdf-lib/standard-fonts@https://registry.npmjs.org/@pdf-lib/standard-fonts/-/standard-fonts-1.0.0.tgz 0ms (cache hit)
70 http cache @pdf-lib/upng@https://registry.npmjs.org/@pdf-lib/upng/-/upng-1.0.1.tgz 0ms (cache hit)
71 http cache pdf-lib@https://registry.npmjs.org/pdf-lib/-/pdf-lib-1.17.1.tgz 0ms (cache hit)
72 http cache tslib@https://registry.npmjs.org/tslib/-/tslib-2.8.1.tgz 0ms (cache hit)
73 http cache rolldown@https://registry.npmjs.org/rolldown/-/rolldown-1.2.1.tgz 0ms (cache hit)
74 http cache @emnapi/core@https://registry.npmjs.org/@emnapi/core/-/core-2.0.0-alpha.3.tgz 0ms (cache hit)
75 http cache tinyglobby@https://registry.npmjs.org/tinyglobby/-/tinyglobby-0.2.17.tgz 0ms (cache hit)
76 http cache picomatch@https://registry.npmjs.org/picomatch/-/picomatch-4.0.5.tgz 0ms (cache hit)
77 http cache @tybys/wasm-util@https://registry.npmjs.org/@tybys/wasm-util/-/wasm-util-0.10.3.tgz 0ms (cache hit)
78 http cache @rolldown/binding-wasm32-wasi@https://registry.npmjs.org/@rolldown/binding-wasm32-wasi/-/binding-wasm32-wasi-1.2.1.tgz 0ms (cache hit)
79 http cache @oxc-project/types@https://registry.npmjs.org/@oxc-project/types/-/types-0.142.0.tgz 0ms (cache hit)
80 http cache fdir@https://registry.npmjs.org/fdir/-/fdir-6.5.0.tgz 0ms (cache hit)
81 http cache @napi-rs/wasm-runtime@https://registry.npmjs.org/@napi-rs/wasm-runtime/-/wasm-runtime-1.2.1.tgz 0ms (cache hit)
82 http cache @rolldown/binding-darwin-arm64@https://registry.npmjs.org/@rolldown/binding-darwin-arm64/-/binding-darwin-arm64-1.2.1.tgz 0ms (cache hit)
83 http cache @emnapi/wasi-threads@https://registry.npmjs.org/@emnapi/wasi-threads/-/wasi-threads-2.0.1.tgz 0ms (cache hit)
84 http cache @emnapi/runtime@https://registry.npmjs.org/@emnapi/runtime/-/runtime-2.0.0-alpha.3.tgz 0ms (cache hit)
85 http cache @rolldown/pluginutils@https://registry.npmjs.org/@rolldown/pluginutils/-/pluginutils-1.0.1.tgz 0ms (cache hit)
86 http cache tslib@https://registry.npmjs.org/tslib/-/tslib-1.14.1.tgz 0ms (cache hit)
87 http cache lightningcss@https://registry.npmjs.org/lightningcss/-/lightningcss-1.33.0.tgz 0ms (cache hit)
88 http cache vite@https://registry.npmjs.org/vite/-/vite-8.2.0.tgz 0ms (cache hit)
89 http cache lightningcss-darwin-arm64@https://registry.npmjs.org/lightningcss-darwin-arm64/-/lightningcss-darwin-arm64-1.33.0.tgz 0ms (cache hit)
90 silly tarball no local data for pako@https://registry.npmjs.org/pako/-/pako-1.0.11.tgz. Extracting by manifest.
91 silly tarball no local data for @pdf-lib/standard-fonts@https://registry.npmjs.org/@pdf-lib/standard-fonts/-/standard-fonts-1.0.0.tgz. Extracting by manifest.
92 silly tarball no local data for @pdf-lib/upng@https://registry.npmjs.org/@pdf-lib/upng/-/upng-1.0.1.tgz. Extracting by manifest.
93 silly tarball no local data for pdf-lib@https://registry.npmjs.org/pdf-lib/-/pdf-lib-1.17.1.tgz. Extracting by manifest.
94 silly tarball no local data for tslib@https://registry.npmjs.org/tslib/-/tslib-2.8.1.tgz. Extracting by manifest.
95 silly tarball no local data for rolldown@https://registry.npmjs.org/rolldown/-/rolldown-1.2.1.tgz. Extracting by manifest.
96 silly tarball no local data for @emnapi/core@https://registry.npmjs.org/@emnapi/core/-/core-2.0.0-alpha.3.tgz. Extracting by manifest.
97 silly tarball no local data for tinyglobby@https://registry.npmjs.org/tinyglobby/-/tinyglobby-0.2.17.tgz. Extracting by manifest.
98 silly tarball no local data for picomatch@https://registry.npmjs.org/picomatch/-/picomatch-4.0.5.tgz. Extracting by manifest.
99 silly tarball no local data for @tybys/wasm-util@https://registry.npmjs.org/@tybys/wasm-util/-/wasm-util-0.10.3.tgz. Extracting by manifest.
100 silly tarball no local data for @rolldown/binding-wasm32-wasi@https://registry.npmjs.org/@rolldown/binding-wasm32-wasi/-/binding-wasm32-wasi-1.2.1.tgz. Extracting by manifest.
101 silly tarball no local data for @oxc-project/types@https://registry.npmjs.org/@oxc-project/types/-/types-0.142.0.tgz. Extracting by manifest.
102 silly tarball no local data for fdir@https://registry.npmjs.org/fdir/-/fdir-6.5.0.tgz. Extracting by manifest.
103 silly tarball no local data for @napi-rs/wasm-runtime@https://registry.npmjs.org/@napi-rs/wasm-runtime/-/wasm-runtime-1.2.1.tgz. Extracting by manifest.
104 silly tarball no local data for @rolldown/binding-darwin-arm64@https://registry.npmjs.org/@rolldown/binding-darwin-arm64/-/binding-darwin-arm64-1.2.1.tgz. Extracting by manifest.
105 silly tarball no local data for @emnapi/wasi-threads@https://registry.npmjs.org/@emnapi/wasi-threads/-/wasi-threads-2.0.1.tgz. Extracting by manifest.
106 silly tarball no local data for @emnapi/runtime@https://registry.npmjs.org/@emnapi/runtime/-/runtime-2.0.0-alpha.3.tgz. Extracting by manifest.
107 silly tarball no local data for @rolldown/pluginutils@https://registry.npmjs.org/@rolldown/pluginutils/-/pluginutils-1.0.1.tgz. Extracting by manifest.
108 silly tarball no local data for tslib@https://registry.npmjs.org/tslib/-/tslib-1.14.1.tgz. Extracting by manifest.
109 silly tarball no local data for lightningcss@https://registry.npmjs.org/lightningcss/-/lightningcss-1.33.0.tgz. Extracting by manifest.
110 silly tarball no local data for vite@https://registry.npmjs.org/vite/-/vite-8.2.0.tgz. Extracting by manifest.
111 silly tarball no local data for lightningcss-darwin-arm64@https://registry.npmjs.org/lightningcss-darwin-arm64/-/lightningcss-darwin-arm64-1.33.0.tgz. Extracting by manifest.
112 http fetch GET 200 https://registry.npmjs.org/tslib/-/tslib-2.8.1.tgz 51ms (cache miss)
113 http fetch GET 200 https://registry.npmjs.org/@emnapi/wasi-threads/-/wasi-threads-2.0.1.tgz 164ms (cache miss)
114 http fetch GET 200 https://registry.npmjs.org/@pdf-lib/upng/-/upng-1.0.1.tgz 193ms (cache miss)
115 http fetch GET 200 https://registry.npmjs.org/pako/-/pako-1.0.11.tgz 239ms (cache miss)
116 http fetch GET 200 https://registry.npmjs.org/@emnapi/runtime/-/runtime-2.0.0-alpha.3.tgz 388ms (cache miss)
117 http fetch GET 200 https://registry.npmjs.org/tinyglobby/-/tinyglobby-0.2.17.tgz 401ms (cache miss)
118 http fetch GET 200 https://registry.npmjs.org/tslib/-/tslib-1.14.1.tgz 487ms (cache miss)
119 http fetch GET 200 https://registry.npmjs.org/picomatch/-/picomatch-4.0.5.tgz 578ms (cache miss)
120 http fetch GET 200 https://registry.npmjs.org/fdir/-/fdir-6.5.0.tgz 668ms (cache miss)
121 http fetch GET 200 https://registry.npmjs.org/lightningcss/-/lightningcss-1.33.0.tgz 686ms (cache miss)
122 http fetch GET 200 https://registry.npmjs.org/@emnapi/core/-/core-2.0.0-alpha.3.tgz 774ms (cache miss)
123 http fetch GET 200 https://registry.npmjs.org/@pdf-lib/standard-fonts/-/standard-fonts-1.0.0.tgz 811ms (cache miss)
124 http fetch GET 200 https://registry.npmjs.org/rolldown/-/rolldown-1.2.1.tgz 813ms (cache miss)
125 http fetch GET 200 https://registry.npmjs.org/@tybys/wasm-util/-/wasm-util-0.10.3.tgz 966ms (cache miss)
126 http fetch GET 200 https://registry.npmjs.org/@oxc-project/types/-/types-0.142.0.tgz 1062ms (cache miss)
127 http fetch GET 200 https://registry.npmjs.org/@rolldown/pluginutils/-/pluginutils-1.0.1.tgz 1248ms (cache miss)
128 http fetch GET 200 https://registry.npmjs.org/@napi-rs/wasm-runtime/-/wasm-runtime-1.2.1.tgz 2192ms (cache miss)
129 http fetch GET 200 https://registry.npmjs.org/vite/-/vite-8.2.0.tgz 2640ms (cache miss)
130 http fetch GET 200 https://registry.npmjs.org/pdf-lib/-/pdf-lib-1.17.1.tgz 2736ms (cache miss)
131 http fetch GET 200 https://registry.npmjs.org/lightningcss-darwin-arm64/-/lightningcss-darwin-arm64-1.33.0.tgz 4212ms (cache miss)
132 http fetch GET 200 https://registry.npmjs.org/@rolldown/binding-darwin-arm64/-/binding-darwin-arm64-1.2.1.tgz 6522ms (cache miss)
133 http fetch GET 200 https://registry.npmjs.org/@rolldown/binding-wasm32-wasi/-/binding-wasm32-wasi-1.2.1.tgz 7718ms (cache miss)
134 silly ADD node_modules/pako
135 silly ADD node_modules/@pdf-lib/upng
136 silly ADD node_modules/@pdf-lib/standard-fonts
137 silly ADD node_modules/@emnapi/runtime
138 silly ADD node_modules/@emnapi/core
139 silly ADD node_modules/pdf-lib
140 silly ADD node_modules/pdf-lib/node_modules/tslib
141 silly ADD node_modules/tslib
142 silly ADD node_modules/tinyglobby
143 silly ADD node_modules/rolldown
144 silly ADD node_modules/rolldown/node_modules/@rolldown/pluginutils
145 silly ADD node_modules/picomatch
146 silly ADD node_modules/fdir
147 silly ADD node_modules/@tybys/wasm-util
148 silly ADD node_modules/@rolldown/binding-wasm32-wasi
149 silly ADD node_modules/@rolldown/binding-darwin-arm64
150 silly ADD node_modules/@oxc-project/types
151 silly ADD node_modules/@napi-rs/wasm-runtime
152 silly ADD node_modules/@emnapi/wasi-threads
153 silly REMOVE node_modules/@types/estree
154 silly REMOVE node_modules/@rollup/rollup-darwin-arm64
155 silly REMOVE node_modules/@esbuild/darwin-arm64
156 silly CHANGE node_modules/vite
157 silly ADD node_modules/vite/node_modules/lightningcss-darwin-arm64
158 silly ADD node_modules/vite/node_modules/lightningcss
159 silly REMOVE node_modules/rollup
160 silly REMOVE node_modules/esbuild
161 verbose cwd /Users/byaswanth/filetools-1
162 verbose os Darwin 25.2.0
163 verbose node v24.13.0
164 verbose npm  v11.6.2
165 notice
165 notice New [33mminor[39m version of npm available! [33m11.6.2[39m -> [34m11.19.0[39m
165 notice Changelog: [34mhttps://github.com/npm/cli/releases/tag/v11.19.0[39m
165 notice To update run: [4mnpm install -g npm@11.19.0[24m
165 notice  { force: true, Symbol(proc-log.meta): true }
166 verbose exit 0
167 info ok
